../Core/Src/main.c:98:5:main	8	static
../Core/Src/main.c:322:6:SystemClock_Config	88	static
../Core/Src/main.c:368:13:MX_TIM1_Init	120	static
../Core/Src/main.c:458:13:MX_TIM2_Init	40	static
../Core/Src/main.c:503:13:MX_TIM3_Init	56	static
../Core/Src/main.c:552:13:MX_TIM4_Init	56	static
../Core/Src/main.c:601:13:MX_TIM5_Init	64	static
../Core/Src/main.c:664:13:MX_TIM16_Init	88	static
../Core/Src/main.c:727:13:MX_GPIO_Init	48	static
../Core/Src/main.c:783:6:Error_Handler	4	static,ignoring_inline_asm
