Archive member included to satisfy reference by file (symbol)

C:/ST/STM32CubeIDE_1.13.2/STM32CubeIDE/plugins/com.st.stm32cube.ide.mcu.externaltools.gnu-tools-for-stm32.12.3.rel1.win32_1.0.100.202403111256/tools/bin/../lib/gcc/arm-none-eabi/12.3.1/../../../../arm-none-eabi/lib/thumb/v7e-m+fp/hard\libc_nano.a(libc_a-exit.o)
                              C:/ST/STM32CubeIDE_1.13.2/STM32CubeIDE/plugins/com.st.stm32cube.ide.mcu.externaltools.gnu-tools-for-stm32.12.3.rel1.win32_1.0.100.202403111256/tools/bin/../lib/gcc/arm-none-eabi/12.3.1/../../../../arm-none-eabi/lib/thumb/v7e-m+fp/hard/crt0.o (exit)
C:/ST/STM32CubeIDE_1.13.2/STM32CubeIDE/plugins/com.st.stm32cube.ide.mcu.externaltools.gnu-tools-for-stm32.12.3.rel1.win32_1.0.100.202403111256/tools/bin/../lib/gcc/arm-none-eabi/12.3.1/../../../../arm-none-eabi/lib/thumb/v7e-m+fp/hard\libc_nano.a(libc_a-findfp.o)
                              C:/ST/STM32CubeIDE_1.13.2/STM32CubeIDE/plugins/com.st.stm32cube.ide.mcu.externaltools.gnu-tools-for-stm32.12.3.rel1.win32_1.0.100.202403111256/tools/bin/../lib/gcc/arm-none-eabi/12.3.1/../../../../arm-none-eabi/lib/thumb/v7e-m+fp/hard\libc_nano.a(libc_a-exit.o) (__stdio_exit_handler)
C:/ST/STM32CubeIDE_1.13.2/STM32CubeIDE/plugins/com.st.stm32cube.ide.mcu.externaltools.gnu-tools-for-stm32.12.3.rel1.win32_1.0.100.202403111256/tools/bin/../lib/gcc/arm-none-eabi/12.3.1/../../../../arm-none-eabi/lib/thumb/v7e-m+fp/hard\libc_nano.a(libc_a-fwalk.o)
                              C:/ST/STM32CubeIDE_1.13.2/STM32CubeIDE/plugins/com.st.stm32cube.ide.mcu.externaltools.gnu-tools-for-stm32.12.3.rel1.win32_1.0.100.202403111256/tools/bin/../lib/gcc/arm-none-eabi/12.3.1/../../../../arm-none-eabi/lib/thumb/v7e-m+fp/hard\libc_nano.a(libc_a-findfp.o) (_fwalk_sglue)
C:/ST/STM32CubeIDE_1.13.2/STM32CubeIDE/plugins/com.st.stm32cube.ide.mcu.externaltools.gnu-tools-for-stm32.12.3.rel1.win32_1.0.100.202403111256/tools/bin/../lib/gcc/arm-none-eabi/12.3.1/../../../../arm-none-eabi/lib/thumb/v7e-m+fp/hard\libc_nano.a(libc_a-stdio.o)
                              C:/ST/STM32CubeIDE_1.13.2/STM32CubeIDE/plugins/com.st.stm32cube.ide.mcu.externaltools.gnu-tools-for-stm32.12.3.rel1.win32_1.0.100.202403111256/tools/bin/../lib/gcc/arm-none-eabi/12.3.1/../../../../arm-none-eabi/lib/thumb/v7e-m+fp/hard\libc_nano.a(libc_a-findfp.o) (__sread)
C:/ST/STM32CubeIDE_1.13.2/STM32CubeIDE/plugins/com.st.stm32cube.ide.mcu.externaltools.gnu-tools-for-stm32.12.3.rel1.win32_1.0.100.202403111256/tools/bin/../lib/gcc/arm-none-eabi/12.3.1/../../../../arm-none-eabi/lib/thumb/v7e-m+fp/hard\libc_nano.a(libc_a-memset.o)
                              C:/ST/STM32CubeIDE_1.13.2/STM32CubeIDE/plugins/com.st.stm32cube.ide.mcu.externaltools.gnu-tools-for-stm32.12.3.rel1.win32_1.0.100.202403111256/tools/bin/../lib/gcc/arm-none-eabi/12.3.1/../../../../arm-none-eabi/lib/thumb/v7e-m+fp/hard/crt0.o (memset)
C:/ST/STM32CubeIDE_1.13.2/STM32CubeIDE/plugins/com.st.stm32cube.ide.mcu.externaltools.gnu-tools-for-stm32.12.3.rel1.win32_1.0.100.202403111256/tools/bin/../lib/gcc/arm-none-eabi/12.3.1/../../../../arm-none-eabi/lib/thumb/v7e-m+fp/hard\libc_nano.a(libc_a-closer.o)
                              C:/ST/STM32CubeIDE_1.13.2/STM32CubeIDE/plugins/com.st.stm32cube.ide.mcu.externaltools.gnu-tools-for-stm32.12.3.rel1.win32_1.0.100.202403111256/tools/bin/../lib/gcc/arm-none-eabi/12.3.1/../../../../arm-none-eabi/lib/thumb/v7e-m+fp/hard\libc_nano.a(libc_a-stdio.o) (_close_r)
C:/ST/STM32CubeIDE_1.13.2/STM32CubeIDE/plugins/com.st.stm32cube.ide.mcu.externaltools.gnu-tools-for-stm32.12.3.rel1.win32_1.0.100.202403111256/tools/bin/../lib/gcc/arm-none-eabi/12.3.1/../../../../arm-none-eabi/lib/thumb/v7e-m+fp/hard\libc_nano.a(libc_a-reent.o)
                              C:/ST/STM32CubeIDE_1.13.2/STM32CubeIDE/plugins/com.st.stm32cube.ide.mcu.externaltools.gnu-tools-for-stm32.12.3.rel1.win32_1.0.100.202403111256/tools/bin/../lib/gcc/arm-none-eabi/12.3.1/../../../../arm-none-eabi/lib/thumb/v7e-m+fp/hard\libc_nano.a(libc_a-closer.o) (errno)
C:/ST/STM32CubeIDE_1.13.2/STM32CubeIDE/plugins/com.st.stm32cube.ide.mcu.externaltools.gnu-tools-for-stm32.12.3.rel1.win32_1.0.100.202403111256/tools/bin/../lib/gcc/arm-none-eabi/12.3.1/../../../../arm-none-eabi/lib/thumb/v7e-m+fp/hard\libc_nano.a(libc_a-impure.o)
                              C:/ST/STM32CubeIDE_1.13.2/STM32CubeIDE/plugins/com.st.stm32cube.ide.mcu.externaltools.gnu-tools-for-stm32.12.3.rel1.win32_1.0.100.202403111256/tools/bin/../lib/gcc/arm-none-eabi/12.3.1/../../../../arm-none-eabi/lib/thumb/v7e-m+fp/hard\libc_nano.a(libc_a-reent.o) (_impure_ptr)
C:/ST/STM32CubeIDE_1.13.2/STM32CubeIDE/plugins/com.st.stm32cube.ide.mcu.externaltools.gnu-tools-for-stm32.12.3.rel1.win32_1.0.100.202403111256/tools/bin/../lib/gcc/arm-none-eabi/12.3.1/../../../../arm-none-eabi/lib/thumb/v7e-m+fp/hard\libc_nano.a(libc_a-lseekr.o)
[...]
Memory Configuration

Name             Origin             Length             Attributes
RAM              0x20000000         0x00020000         xrw
FLASH            0x08000000         0x00080000         xr
*default*        0x00000000         0xffffffff

Linker script and memory map

LOAD C:/ST/STM32CubeIDE_1.13.2/STM32CubeIDE/plugins/com.st.stm32cube.ide.mcu.externaltools.gnu-tools-for-stm32.12.3.rel1.win32_1.0.100.202403111256/tools/bin/../lib/gcc/arm-none-eabi/12.3.1/thumb/v7e-m+fp/hard/crti.o
LOAD C:/ST/STM32CubeIDE_1.13.2/STM32CubeIDE/plugins/com.st.stm32cube.ide.mcu.externaltools.gnu-tools-for-stm32.12.3.rel1.win32_1.0.100.202403111256/tools/bin/../lib/gcc/arm-none-eabi/12.3.1/thumb/v7e-m+fp/hard/crtbegin.o
LOAD C:/ST/STM32CubeIDE_1.13.2/STM32CubeIDE/plugins/com.st.stm32cube.ide.mcu.externaltools.gnu-tools-for-stm32.12.3.rel1.win32_1.0.100.202403111256/tools/bin/../lib/gcc/arm-none-eabi/12.3.1/../../../../arm-none-eabi/lib/thumb/v7e-m+fp/hard/crt0.o
LOAD ./Core/Src/main.o
LOAD ./Core/Src/pid.o
LOAD ./Core/Src/stm32g4xx_hal_msp.o
LOAD ./Core/Src/stm32g4xx_it.o
LOAD ./Core/Src/syscalls.o
LOAD ./Core/Src/sysmem.o
LOAD ./Core/Src/system_stm32g4xx.o
LOAD ./Core/Startup/startup_stm32g474retx.o
LOAD ./Drivers/STM32G4xx_HAL_Driver/Src/stm32g4xx_hal.o
LOAD ./Drivers/STM32G4xx_HAL_Driver/Src/stm32g4xx_hal_cortex.o
LOAD ./Drivers/STM32G4xx_HAL_Driver/Src/stm32g4xx_hal_dma.o
LOAD ./Drivers/STM32G4xx_HAL_Driver/Src/stm32g4xx_hal_dma_ex.o
LOAD ./Drivers/STM32G4xx_HAL_Driver/Src/stm32g4xx_hal_exti.o
LOAD ./Drivers/STM32G4xx_HAL_Driver/Src/stm32g4xx_hal_flash.o
LOAD ./Drivers/STM32G4xx_HAL_Driver/Src/stm32g4xx_hal_flash_ex.o
LOAD ./Drivers/STM32G4xx_HAL_Driver/Src/stm32g4xx_hal_flash_ramfunc.o
LOAD ./Drivers/STM32G4xx_HAL_Driver/Src/stm32g4xx_hal_gpio.o
LOAD ./Drivers/STM32G4xx_HAL_Driver/Src/stm32g4xx_hal_pwr.o
LOAD ./Drivers/STM32G4xx_HAL_Driver/Src/stm32g4xx_hal_pwr_ex.o
LOAD ./Drivers/STM32G4xx_HAL_Driver/Src/stm32g4xx_hal_rcc.o
LOAD ./Drivers/STM32G4xx_HAL_Driver/Src/stm32g4xx_hal_rcc_ex.o
LOAD ./Drivers/STM32G4xx_HAL_Driver/Src/stm32g4xx_hal_tim.o
LOAD ./Drivers/STM32G4xx_HAL_Driver/Src/stm32g4xx_hal_tim_ex.o
START GROUP
LOAD C:/ST/STM32CubeIDE_1.13.2/STM32CubeIDE/plugins/com.st.stm32cube.ide.mcu.externaltools.gnu-tools-for-stm32.12.3.rel1.win32_1.0.100.202403111256/tools/bin/../lib/gcc/arm-none-eabi/12.3.1/../../../../arm-none-eabi/lib/thumb/v7e-m+fp/hard\libc_nano.a
LOAD C:/ST/STM32CubeIDE_1.13.2/STM32CubeIDE/plugins/com.st.stm32cube.ide.mcu.externaltools.gnu-tools-for-stm32.12.3.rel1.win32_1.0.100.202403111256/tools/bin/../lib/gcc/arm-none-eabi/12.3.1/../../../../arm-none-eabi/lib/thumb/v7e-m+fp/hard\libm.a
END GROUP
START GROUP
LOAD C:/ST/STM32CubeIDE_1.13.2/STM32CubeIDE/plugins/com.st.stm32cube.ide.mcu.externaltools.gnu-tools-for-stm32.12.3.rel1.win32_1.0.100.202403111256/tools/bin/../lib/gcc/arm-none-eabi/12.3.1/thumb/v7e-m+fp/hard\libgcc.a
LOAD C:/ST/STM32CubeIDE_1.13.2/STM32CubeIDE/plugins/com.st.stm32cube.ide.mcu.externaltools.gnu-tools-for-stm32.12.3.rel1.win32_1.0.100.202403111256/tools/bin/../lib/gcc/arm-none-eabi/12.3.1/../../../../arm-none-eabi/lib/thumb/v7e-m+fp/hard\libc_nano.a
END GROUP
START GROUP
LOAD C:/ST/STM32CubeIDE_1.13.2/STM32CubeIDE/plugins/com.st.stm32cube.ide.mcu.externaltools.gnu-tools-for-stm32.12.3.rel1.win32_1.0.100.202403111256/tools/bin/../lib/gcc/arm-none-eabi/12.3.1/thumb/v7e-m+fp/hard\libgcc.a
LOAD C:/ST/STM32CubeIDE_1.13.2/STM32CubeIDE/plugins/com.st.stm32cube.ide.mcu.externaltools.gnu-tools-for-stm32.12.3.rel1.win32_1.0.100.202403111256/tools/bin/../lib/gcc/arm-none-eabi/12.3.1/../../../../arm-none-eabi/lib/thumb/v7e-m+fp/hard\libc_nano.a
LOAD C:/ST/STM32CubeIDE_1.13.2/STM32CubeIDE/plugins/com.st.stm32cube.ide.mcu.externaltools.gnu-tools-for-stm32.12.3.rel1.win32_1.0.100.202403111256/tools/bin/../lib/gcc/arm-none-eabi/12.3.1/../../../../arm-none-eabi/lib/thumb/v7e-m+fp/hard\libnosys.a
END GROUP
START GROUP
LOAD C:/ST/STM32CubeIDE_1.13.2/STM32CubeIDE/plugins/com.st.stm32cube.ide.mcu.externaltools.gnu-tools-for-stm32.12.3.rel1.win32_1.0.100.202403111256/tools/bin/../lib/gcc/arm-none-eabi/12.3.1/thumb/v7e-m+fp/hard\libgcc.a
LOAD C:/ST/STM32CubeIDE_1.13.2/STM32CubeIDE/plugins/com.st.stm32cube.ide.mcu.externaltools.gnu-tools-for-stm32.12.3.rel1.win32_1.0.100.202403111256/tools/bin/../lib/gcc/arm-none-eabi/12.3.1/../../../../arm-none-eabi/lib/thumb/v7e-m+fp/hard\libc_nano.a
LOAD C:/ST/STM32CubeIDE_1.13.2/STM32CubeIDE/plugins/com.st.stm32cube.ide.mcu.externaltools.gnu-tools-for-stm32.12.3.rel1.win32_1.0.100.202403111256/tools/bin/../lib/gcc/arm-none-eabi/12.3.1/../../../../arm-none-eabi/lib/thumb/v7e-m+fp/hard\libnosys.a
END GROUP
LOAD C:/ST/STM32CubeIDE_1.13.2/STM32CubeIDE/plugins/com.st.stm32cube.ide.mcu.externaltools.gnu-tools-for-stm32.12.3.rel1.win32_1.0.100.202403111256/tools/bin/../lib/gcc/arm-none-eabi/12.3.1/thumb/v7e-m+fp/hard/crtend.o
LOAD C:/ST/STM32CubeIDE_1.13.2/STM32CubeIDE/plugins/com.st.stm32cube.ide.mcu.externaltools.gnu-tools-for-stm32.12.3.rel1.win32_1.0.100.202403111256/tools/bin/../lib/gcc/arm-none-eabi/12.3.1/thumb/v7e-m+fp/hard/crtn.o
                0x20020000                        _estack = (ORIGIN (RAM) + LENGTH (RAM))
                0x00000200                        _Min_Heap_Size = 0x200
                0x00000400                        _Min_Stack_Size = 0x400

.isr_vector     0x08000000      0x1d8
                0x08000000                        . = ALIGN (0x4)
 *(.isr_vector)
 .isr_vector    0x08000000      0x1d8 ./Core/Startup/startup_stm32g474retx.o
                0x08000000                g_pfnVectors
                0x080001d8                        . = ALIGN (0x4)

.text           0x080001d8     0x3b1c
                0x080001d8                        . = ALIGN (0x4)
 *(.text)
 .text          0x080001d8       0x40 C:/ST/STM32CubeIDE_1.13.2/STM32CubeIDE/plugins/com.st.stm32cube.ide.mcu.externaltools.gnu-tools-for-stm32.12.3.rel1.win32_1.0.100.202403111256/tools/bin/../lib/gcc/arm-none-eabi/12.3.1/thumb/v7e-m+fp/hard/crtbegin.o
 *(.text*)
 .text.main     0x08000218      0x2c0 ./Core/Src/main.o
                0x08000218                main
 .text.SystemClock_Config
                0x080004d8       0x92 ./Core/Src/main.o
                0x080004d8                SystemClock_Config
 *fill*         0x0800056a        0x2 
 .text.MX_TIM1_Init
                0x0800056c      0x190 ./Core/Src/main.o
 .text.MX_TIM2_Init
                0x080006fc       0x9c ./Core/Src/main.o
 .text.MX_TIM3_Init
                0x08000798       0xac ./Core/Src/main.o
 .text.MX_TIM4_Init
                0x08000844       0xac ./Core/Src/main.o
 .text.MX_TIM5_Init
                0x080008f0      0x104 ./Core/Src/main.o
 .text.MX_TIM16_Init
                0x080009f4       0xf4 ./Core/Src/main.o
 .text.MX_GPIO_Init
                0x08000ae8      0x110 ./Core/Src/main.o
 .text.Error_Handler
                0x08000bf8        0xc ./Core/Src/main.o
                0x08000bf8                Error_Handler
 .text.HAL_MspInit
                0x08000c04       0x48 ./Core/Src/stm32g4xx_hal_msp.o
                0x08000c04                HAL_MspInit
 .text.HAL_TIM_Base_MspInit
                0x08000c4c       0xc0 ./Core/Src/stm32g4xx_hal_msp.o
                0x08000c4c                HAL_TIM_Base_MspInit
 .text.HAL_TIM_Encoder_MspInit
                0x08000d0c       0xe8 ./Core/Src/stm32g4xx_hal_msp.o
                0x08000d0c                HAL_TIM_Encoder_MspInit
 .text.HAL_TIM_MspPostInit
                0x08000df4      0x13c ./Core/Src/stm32g4xx_hal_msp.o
                0x08000df4                HAL_TIM_MspPostInit
 .text.NMI_Handler
                0x08000f30        0x8 ./Core/Src/stm32g4xx_it.o
                0x08000f30                NMI_Handler
 .text.HardFault_Handler
                0x08000f38        0x8 ./Core/Src/stm32g4xx_it.o
                0x08000f38                HardFault_Handler
 .text.MemManage_Handler
                0x08000f40        0x8 ./Core/Src/stm32g4xx_it.o
                0x08000f40                MemManage_Handler
 .text.BusFault_Handler
                0x08000f48        0x8 ./Core/Src/stm32g4xx_it.o
                0x08000f48                BusFault_Handler
 .text.UsageFault_Handler
                0x08000f50        0x8 ./Core/Src/stm32g4xx_it.o
                0x08000f50                UsageFault_Handler
 .text.SVC_Handler
                0x08000f58        0xe ./Core/Src/stm32g4xx_it.o
                0x08000f58                SVC_Handler
 .text.DebugMon_Handler
                0x08000f66        0xe ./Core/Src/stm32g4xx_it.o
                0x08000f66                DebugMon_Handler
 .text.PendSV_Handler
                0x08000f74        0xe ./Core/Src/stm32g4xx_it.o
                0x08000f74                PendSV_Handler
 .text.SysTick_Handler
                0x08000f82        0xc ./Core/Src/stm32g4xx_it.o
                0x08000f82                SysTick_Handler
 *fill*         0x08000f8e        0x2 
 .text.TIM2_IRQHandler
                0x08000f90       0x14 ./Core/Src/stm32g4xx_it.o
                0x08000f90                TIM2_IRQHandler
 .text.EXTI15_10_IRQHandler
                0x08000fa4       0x10 ./Core/Src/stm32g4xx_it.o
                0x08000fa4                EXTI15_10_IRQHandler
 .text.SystemInit
                0x08000fb4       0x24 ./Core/Src/system_stm32g4xx.o
                0x08000fb4                SystemInit
 .text.Reset_Handler
                0x08000fd8       0x50 ./Core/Startup/startup_stm32g474retx.o
                0x08000fd8                Reset_Handler
 .text.Default_Handler
                0x08001028        0x2 ./Core/Startup/startup_stm32g474retx.o
                0x08001028                RTC_Alarm_IRQHandler
                0x08001028                EXTI2_IRQHandler
                0x08001028                TIM8_TRG_COM_IRQHandler
                0x08001028                TIM8_CC_IRQHandler
                0x08001028                HRTIM1_Master_IRQHandler
                0x08001028                SPI4_IRQHandler
                0x08001028                FDCAN3_IT0_IRQHandler
                0x08001028                TIM1_CC_IRQHandler
                0x08001028                HRTIM1_FLT_IRQHandler
                0x08001028                HRTIM1_TIMF_IRQHandler
                0x08001028                USB_HP_IRQHandler
                0x08001028                CORDIC_IRQHandler
                0x08001028                HRTIM1_TIMD_IRQHandler
                0x08001028                DMA2_Channel8_IRQHandler
                0x08001028                EXTI3_IRQHandler
                0x08001028                I2C3_ER_IRQHandler
                0x08001028                EXTI0_IRQHandler
                0x08001028                I2C2_EV_IRQHandler
                0x08001028                FPU_IRQHandler
                0x08001028                FDCAN1_IT1_IRQHandler
                0x08001028                TIM1_UP_TIM16_IRQHandler
                0x08001028                ADC1_2_IRQHandler
                0x08001028                HRTIM1_TIME_IRQHandler
                0x08001028                SPI1_IRQHandler
                0x08001028                TIM6_DAC_IRQHandler
                0x08001028                HRTIM1_TIMC_IRQHandler
                0x08001028                TIM8_UP_IRQHandler
                0x08001028                DMA2_Channel2_IRQHandler
                0x08001028                DMA1_Channel4_IRQHandler
                0x08001028                TIM20_TRG_COM_IRQHandler
                0x08001028                USART3_IRQHandler
                0x08001028                DMA1_Channel7_IRQHandler
                0x08001028                UART5_IRQHandler
                0x08001028                ADC3_IRQHandler
                0x08001028                TIM4_IRQHandler
                0x08001028                DMA2_Channel1_IRQHandler
                0x08001028                QUADSPI_IRQHandler
                0x08001028                I2C1_EV_IRQHandler
                0x08001028                DMA1_Channel6_IRQHandler
                0x08001028                UART4_IRQHandler
                0x08001028                DMA2_Channel4_IRQHandler
                0x08001028                TIM3_IRQHandler
                0x08001028                RCC_IRQHandler
                0x08001028                TIM20_UP_IRQHandler
                0x08001028                DMA1_Channel1_IRQHandler
                0x08001028                Default_Handler
                0x08001028                DMA2_Channel7_IRQHandler
                0x08001028                RTC_TAMP_LSECSS_IRQHandler
                0x08001028                FMAC_IRQHandler
                0x08001028                DMA1_Channel8_IRQHandler
                0x08001028                HRTIM1_TIMA_IRQHandler
                0x08001028                TIM7_DAC_IRQHandler
                0x08001028                FDCAN3_IT1_IRQHandler
                0x08001028                TIM5_IRQHandler
                0x08001028                UCPD1_IRQHandler
                0x08001028                I2C3_EV_IRQHandler
                0x08001028                EXTI9_5_IRQHandler
                0x08001028                RTC_WKUP_IRQHandler
                0x08001028                PVD_PVM_IRQHandler
                0x08001028                SPI2_IRQHandler
                0x08001028                ADC5_IRQHandler
                0x08001028                DMA2_Channel5_IRQHandler
                0x08001028                CRS_IRQHandler
                0x08001028                DMA1_Channel5_IRQHandler
                0x08001028                USB_LP_IRQHandler
                0x08001028                EXTI4_IRQHandler
                0x08001028                RNG_IRQHandler
                0x08001028                HRTIM1_TIMB_IRQHandler
                0x08001028                TIM1_TRG_COM_TIM17_IRQHandler
                0x08001028                FDCAN2_IT1_IRQHandler
                0x08001028                DMA1_Channel3_IRQHandler
                0x08001028                ADC4_IRQHandler
                0x08001028                WWDG_IRQHandler
                0x08001028                I2C4_EV_IRQHandler
                0x08001028                FDCAN2_IT0_IRQHandler
                0x08001028                LPUART1_IRQHandler
                0x08001028                DMA2_Channel6_IRQHandler
                0x08001028                FDCAN1_IT0_IRQHandler
                0x08001028                COMP7_IRQHandler
                0x08001028                COMP1_2_3_IRQHandler
                0x08001028                EXTI1_IRQHandler
                0x08001028                USART2_IRQHandler
                0x08001028                COMP4_5_6_IRQHandler
                0x08001028                TIM20_BRK_IRQHandler
                0x08001028                I2C2_ER_IRQHandler
                0x08001028                DMA1_Channel2_IRQHandler
                0x08001028                TIM8_BRK_IRQHandler
                0x08001028                FLASH_IRQHandler
                0x08001028                TIM20_CC_IRQHandler
                0x08001028                USART1_IRQHandler
                0x08001028                SPI3_IRQHandler
                0x08001028                I2C1_ER_IRQHandler
                0x08001028                FMC_IRQHandler
                0x08001028                LPTIM1_IRQHandler
                0x08001028                DMAMUX_OVR_IRQHandler
                0x08001028                I2C4_ER_IRQHandler
                0x08001028                USBWakeUp_IRQHandler
                0x08001028                SAI1_IRQHandler
                0x08001028                DMA2_Channel3_IRQHandler
                0x08001028                TIM1_BRK_TIM15_IRQHandler
 .text.HAL_Init
                0x0800102a       0x30 ./Drivers/STM32G4xx_HAL_Driver/Src/stm32g4xx_hal.o
                0x0800102a                HAL_Init
 *fill*         0x0800105a        0x2 
 .text.HAL_InitTick
                0x0800105c       0x74 ./Drivers/STM32G4xx_HAL_Driver/Src/stm32g4xx_hal.o
                0x0800105c                HAL_InitTick
 .text.HAL_IncTick
                0x080010d0       0x24 ./Drivers/STM32G4xx_HAL_Driver/Src/stm32g4xx_hal.o
                0x080010d0                HAL_IncTick
 .text.HAL_GetTick
                0x080010f4       0x18 ./Drivers/STM32G4xx_HAL_Driver/Src/stm32g4xx_hal.o
                0x080010f4                HAL_GetTick
 .text.__NVIC_SetPriorityGrouping
                0x0800110c       0x48 ./Drivers/STM32G4xx_HAL_Driver/Src/stm32g4xx_hal_cortex.o
 .text.__NVIC_GetPriorityGrouping
                0x08001154       0x1c ./Drivers/STM32G4xx_HAL_Driver/Src/stm32g4xx_hal_cortex.o
 .text.__NVIC_EnableIRQ
                0x08001170       0x3c ./Drivers/STM32G4xx_HAL_Driver/Src/stm32g4xx_hal_cortex.o
 .text.__NVIC_SetPriority
                0x080011ac       0x54 ./Drivers/STM32G4xx_HAL_Driver/Src/stm32g4xx_hal_cortex.o
 .text.NVIC_EncodePriority
                0x08001200       0x66 ./Drivers/STM32G4xx_HAL_Driver/Src/stm32g4xx_hal_cortex.o
 *fill*         0x08001266        0x2 
 .text.SysTick_Config
                0x08001268       0x44 ./Drivers/STM32G4xx_HAL_Driver/Src/stm32g4xx_hal_cortex.o
 .text.HAL_NVIC_SetPriorityGrouping
                0x080012ac       0x16 ./Drivers/STM32G4xx_HAL_Driver/Src/stm32g4xx_hal_cortex.o
                0x080012ac                HAL_NVIC_SetPriorityGrouping
 .text.HAL_NVIC_SetPriority
                0x080012c2       0x34 ./Drivers/STM32G4xx_HAL_Driver/Src/stm32g4xx_hal_cortex.o
                0x080012c2                HAL_NVIC_SetPriority
 .text.HAL_NVIC_EnableIRQ
                0x080012f6       0x1c ./Drivers/STM32G4xx_HAL_Driver/Src/stm32g4xx_hal_cortex.o
                0x080012f6                HAL_NVIC_EnableIRQ
 .text.HAL_SYSTICK_Config
                0x08001312       0x18 ./Drivers/STM32G4xx_HAL_Driver/Src/stm32g4xx_hal_cortex.o
                0x08001312                HAL_SYSTICK_Config
 *fill*         0x0800132a        0x2 
 .text.HAL_GPIO_Init
                0x0800132c      0x304 ./Drivers/STM32G4xx_HAL_Driver/Src/stm32g4xx_hal_gpio.o
                0x0800132c                HAL_GPIO_Init
 .text.HAL_GPIO_ReadPin
                0x08001630       0x30 ./Drivers/STM32G4xx_HAL_Driver/Src/stm32g4xx_hal_gpio.o
                0x08001630                HAL_GPIO_ReadPin
 .text.HAL_GPIO_WritePin
                0x08001660       0x30 ./Drivers/STM32G4xx_HAL_Driver/Src/stm32g4xx_hal_gpio.o
                0x08001660                HAL_GPIO_WritePin
 .text.HAL_GPIO_EXTI_IRQHandler
                0x08001690       0x30 ./Drivers/STM32G4xx_HAL_Driver/Src/stm32g4xx_hal_gpio.o
                0x08001690                HAL_GPIO_EXTI_IRQHandler
 .text.HAL_GPIO_EXTI_Callback
                0x080016c0       0x16 ./Drivers/STM32G4xx_HAL_Driver/Src/stm32g4xx_hal_gpio.o
                0x080016c0                HAL_GPIO_EXTI_Callback
 *fill*         0x080016d6        0x2 
 .text.HAL_PWREx_ControlVoltageScaling
                0x080016d8      0x148 ./Drivers/STM32G4xx_HAL_Driver/Src/stm32g4xx_hal_pwr_ex.o
                0x080016d8                HAL_PWREx_ControlVoltageScaling
 .text.HAL_PWREx_DisableUCPDDeadBattery
                0x08001820       0x20 ./Drivers/STM32G4xx_HAL_Driver/Src/stm32g4xx_hal_pwr_ex.o
                0x08001820                HAL_PWREx_DisableUCPDDeadBattery
 .text.HAL_RCC_OscConfig
                0x08001840      0x624 ./Drivers/STM32G4xx_HAL_Driver/Src/stm32g4xx_hal_rcc.o
                0x08001840                HAL_RCC_OscConfig
 .text.HAL_RCC_ClockConfig
                0x08001e64      0x278 ./Drivers/STM32G4xx_HAL_Driver/Src/stm32g4xx_hal_rcc.o
                0x08001e64                HAL_RCC_ClockConfig
 .text.HAL_RCC_GetSysClockFreq
                0x080020dc       0xc4 ./Drivers/STM32G4xx_HAL_Driver/Src/stm32g4xx_hal_rcc.o
                0x080020dc                HAL_RCC_GetSysClockFreq
 .text.RCC_GetSysClockFreqFromPLLSource
                0x080021a0       0x8c ./Drivers/STM32G4xx_HAL_Driver/Src/stm32g4xx_hal_rcc.o
 .text.HAL_TIM_Base_Init
                0x0800222c       0xae ./Drivers/STM32G4xx_HAL_Driver/Src/stm32g4xx_hal_tim.o
                0x0800222c                HAL_TIM_Base_Init
 *fill*         0x080022da        0x2 
 .text.HAL_TIM_Base_Start
                0x080022dc       0xe0 ./Drivers/STM32G4xx_HAL_Driver/Src/stm32g4xx_hal_tim.o
                0x080022dc                HAL_TIM_Base_Start
 .text.HAL_TIM_PWM_Init
                0x080023bc       0xae ./Drivers/STM32G4xx_HAL_Driver/Src/stm32g4xx_hal_tim.o
                0x080023bc                HAL_TIM_PWM_Init
 .text.HAL_TIM_PWM_MspInit
                0x0800246a       0x14 ./Drivers/STM32G4xx_HAL_Driver/Src/stm32g4xx_hal_tim.o
                0x0800246a                HAL_TIM_PWM_MspInit
 *fill*         0x0800247e        0x2 
 .text.HAL_TIM_PWM_Start
                0x08002480      0x224 ./Drivers/STM32G4xx_HAL_Driver/Src/stm32g4xx_hal_tim.o
                0x08002480                HAL_TIM_PWM_Start
 .text.HAL_TIM_Encoder_Init
                0x080026a4      0x14c ./Drivers/STM32G4xx_HAL_Driver/Src/stm32g4xx_hal_tim.o
                0x080026a4                HAL_TIM_Encoder_Init
 .text.HAL_TIM_Encoder_Start
                0x080027f0      0x11c ./Drivers/STM32G4xx_HAL_Driver/Src/stm32g4xx_hal_tim.o
                0x080027f0                HAL_TIM_Encoder_Start
 .text.HAL_TIM_IRQHandler
                0x0800290c      0x29e ./Drivers/STM32G4xx_HAL_Driver/Src/stm32g4xx_hal_tim.o
                0x0800290c                HAL_TIM_IRQHandler
 *fill*         0x08002baa        0x2 
 .text.HAL_TIM_PWM_ConfigChannel
                0x08002bac      0x228 ./Drivers/STM32G4xx_HAL_Driver/Src/stm32g4xx_hal_tim.o
                0x08002bac                HAL_TIM_PWM_ConfigChannel
 .text.HAL_TIM_ConfigClockSource
                0x08002dd4      0x22c ./Drivers/STM32G4xx_HAL_Driver/Src/stm32g4xx_hal_tim.o
                0x08002dd4                HAL_TIM_ConfigClockSource
 .text.HAL_TIM_PeriodElapsedCallback
                0x08003000       0x14 ./Drivers/STM32G4xx_HAL_Driver/Src/stm32g4xx_hal_tim.o
                0x08003000                HAL_TIM_PeriodElapsedCallback
 .text.HAL_TIM_OC_DelayElapsedCallback
                0x08003014       0x14 ./Drivers/STM32G4xx_HAL_Driver/Src/stm32g4xx_hal_tim.o
                0x08003014                HAL_TIM_OC_DelayElapsedCallback
 .text.HAL_TIM_IC_CaptureCallback
                0x08003028       0x14 ./Drivers/STM32G4xx_HAL_Driver/Src/stm32g4xx_hal_tim.o
                0x08003028                HAL_TIM_IC_CaptureCallback
 .text.HAL_TIM_PWM_PulseFinishedCallback
                0x0800303c       0x14 ./Drivers/STM32G4xx_HAL_Driver/Src/stm32g4xx_hal_tim.o
                0x0800303c                HAL_TIM_PWM_PulseFinishedCallback
 .text.HAL_TIM_TriggerCallback
                0x08003050       0x14 ./Drivers/STM32G4xx_HAL_Driver/Src/stm32g4xx_hal_tim.o
                0x08003050                HAL_TIM_TriggerCallback
 .text.TIM_Base_SetConfig
                0x08003064      0x168 ./Drivers/STM32G4xx_HAL_Driver/Src/stm32g4xx_hal_tim.o
                0x08003064                TIM_Base_SetConfig
 .text.TIM_OC1_SetConfig
                0x080031cc      0x134 ./Drivers/STM32G4xx_HAL_Driver/Src/stm32g4xx_hal_tim.o
 .text.TIM_OC2_SetConfig
                0x08003300      0x128 ./Drivers/STM32G4xx_HAL_Driver/Src/stm32g4xx_hal_tim.o
                0x08003300                TIM_OC2_SetConfig
 .text.TIM_OC3_SetConfig
                0x08003428      0x124 ./Drivers/STM32G4xx_HAL_Driver/Src/stm32g4xx_hal_tim.o
 .text.TIM_OC4_SetConfig
                0x0800354c      0x128 ./Drivers/STM32G4xx_HAL_Driver/Src/stm32g4xx_hal_tim.o
 .text.TIM_OC5_SetConfig
                0x08003674       0xd4 ./Drivers/STM32G4xx_HAL_Driver/Src/stm32g4xx_hal_tim.o
 .text.TIM_OC6_SetConfig
                0x08003748       0xd8 ./Drivers/STM32G4xx_HAL_Driver/Src/stm32g4xx_hal_tim.o
 .text.TIM_TI1_ConfigInputStage
                0x08003820       0x5e ./Drivers/STM32G4xx_HAL_Driver/Src/stm32g4xx_hal_tim.o
 .text.TIM_TI2_ConfigInputStage
                0x0800387e       0x60 ./Drivers/STM32G4xx_HAL_Driver/Src/stm32g4xx_hal_tim.o
 .text.TIM_ITRx_SetConfig
                0x080038de       0x3a ./Drivers/STM32G4xx_HAL_Driver/Src/stm32g4xx_hal_tim.o
 .text.TIM_ETR_SetConfig
                0x08003918       0x40 ./Drivers/STM32G4xx_HAL_Driver/Src/stm32g4xx_hal_tim.o
                0x08003918                TIM_ETR_SetConfig
 .text.TIM_CCxChannelCmd
                0x08003958       0x4a ./Drivers/STM32G4xx_HAL_Driver/Src/stm32g4xx_hal_tim.o
                0x08003958                TIM_CCxChannelCmd
 *fill*         0x080039a2        0x2 
 .text.HAL_TIMEx_MasterConfigSynchronization
                0x080039a4      0x12c ./Drivers/STM32G4xx_HAL_Driver/Src/stm32g4xx_hal_tim_ex.o
                0x080039a4                HAL_TIMEx_MasterConfigSynchronization
 .text.HAL_TIMEx_ConfigBreakDeadTime
                0x08003ad0      0x128 ./Drivers/STM32G4xx_HAL_Driver/Src/stm32g4xx_hal_tim_ex.o
                0x08003ad0                HAL_TIMEx_ConfigBreakDeadTime
 .text.HAL_TIMEx_CommutCallback
                0x08003bf8       0x14 ./Drivers/STM32G4xx_HAL_Driver/Src/stm32g4xx_hal_tim_ex.o
                0x08003bf8                HAL_TIMEx_CommutCallback
 .text.HAL_TIMEx_BreakCallback
                0x08003c0c       0x14 ./Drivers/STM32G4xx_HAL_Driver/Src/stm32g4xx_hal_tim_ex.o
                0x08003c0c                HAL_TIMEx_BreakCallback
 .text.HAL_TIMEx_Break2Callback
                0x08003c20       0x14 ./Drivers/STM32G4xx_HAL_Driver/Src/stm32g4xx_hal_tim_ex.o
                0x08003c20                HAL_TIMEx_Break2Callback
 .text.HAL_TIMEx_EncoderIndexCallback
                0x08003c34       0x14 ./Drivers/STM32G4xx_HAL_Driver/Src/stm32g4xx_hal_tim_ex.o
                0x08003c34                HAL_TIMEx_EncoderIndexCallback
 .text.HAL_TIMEx_DirectionChangeCallback
                0x08003c48       0x14 ./Drivers/STM32G4xx_HAL_Driver/Src/stm32g4xx_hal_tim_ex.o
                0x08003c48                HAL_TIMEx_DirectionChangeCallback
 .text.HAL_TIMEx_IndexErrorCallback
                0x08003c5c       0x14 ./Drivers/STM32G4xx_HAL_Driver/Src/stm32g4xx_hal_tim_ex.o
                0x08003c5c                HAL_TIMEx_IndexErrorCallback
 .text.HAL_TIMEx_TransitionErrorCallback
                0x08003c70       0x14 ./Drivers/STM32G4xx_HAL_Driver/Src/stm32g4xx_hal_tim_ex.o
                0x08003c70                HAL_TIMEx_TransitionErrorCallback
 .text.memset   0x08003c84       0x10 C:/ST/STM32CubeIDE_1.13.2/STM32CubeIDE/plugins/com.st.stm32cube.ide.mcu.externaltools.gnu-tools-for-stm32.12.3.rel1.win32_1.0.100.202403111256/tools/bin/../lib/gcc/arm-none-eabi/12.3.1/../../../../arm-none-eabi/lib/thumb/v7e-m+fp/hard\libc_nano.a(libc_a-memset.o)
                0x08003c84                memset
 .text.__libc_init_array
                0x08003c94       0x48 C:/ST/STM32CubeIDE_1.13.2/STM32CubeIDE/plugins/com.st.stm32cube.ide.mcu.externaltools.gnu-tools-for-stm32.12.3.rel1.win32_1.0.100.202403111256/tools/bin/../lib/gcc/arm-none-eabi/12.3.1/../../../../arm-none-eabi/lib/thumb/v7e-m+fp/hard\libc_nano.a(libc_a-init.o)
                0x08003c94                __libc_init_array
 *(.glue_7)
 .glue_7        0x08003cdc        0x0 linker stubs
 *(.glue_7t)
 .glue_7t       0x08003cdc        0x0 linker stubs
 *(.eh_frame)
 .eh_frame      0x08003cdc        0x0 C:/ST/STM32CubeIDE_1.13.2/STM32CubeIDE/plugins/com.st.stm32cube.ide.mcu.externaltools.gnu-tools-for-stm32.12.3.rel1.win32_1.0.100.202403111256/tools/bin/../lib/gcc/arm-none-eabi/12.3.1/thumb/v7e-m+fp/hard/crtbegin.o
 *(.init)
 .init          0x08003cdc        0x4 C:/ST/STM32CubeIDE_1.13.2/STM32CubeIDE/plugins/com.st.stm32cube.ide.mcu.externaltools.gnu-tools-for-stm32.12.3.rel1.win32_1.0.100.202403111256/tools/bin/../lib/gcc/arm-none-eabi/12.3.1/thumb/v7e-m+fp/hard/crti.o
                0x08003cdc                _init
 .init          0x08003ce0        0x8 C:/ST/STM32CubeIDE_1.13.2/STM32CubeIDE/plugins/com.st.stm32cube.ide.mcu.externaltools.gnu-tools-for-stm32.12.3.rel1.win32_1.0.100.202403111256/tools/bin/../lib/gcc/arm-none-eabi/12.3.1/thumb/v7e-m+fp/hard/crtn.o
 *(.fini)
 .fini          0x08003ce8        0x4 C:/ST/STM32CubeIDE_1.13.2/STM32CubeIDE/plugins/com.st.stm32cube.ide.mcu.externaltools.gnu-tools-for-stm32.12.3.rel1.win32_1.0.100.202403111256/tools/bin/../lib/gcc/arm-none-eabi/12.3.1/thumb/v7e-m+fp/hard/crti.o
                0x08003ce8                _fini
 .fini          0x08003cec        0x8 C:/ST/STM32CubeIDE_1.13.2/STM32CubeIDE/plugins/com.st.stm32cube.ide.mcu.externaltools.gnu-tools-for-stm32.12.3.rel1.win32_1.0.100.202403111256/tools/bin/../lib/gcc/arm-none-eabi/12.3.1/thumb/v7e-m+fp/hard/crtn.o
                0x08003cf4                        . = ALIGN (0x4)
                0x08003cf4                        _etext = .

.vfp11_veneer   0x08003cf4        0x0
 .vfp11_veneer  0x08003cf4        0x0 linker stubs

.v4_bx          0x08003cf4        0x0
 .v4_bx         0x08003cf4        0x0 linker stubs

.iplt           0x08003cf4        0x0
 .iplt          0x08003cf4        0x0 C:/ST/STM32CubeIDE_1.13.2/STM32CubeIDE/plugins/com.st.stm32cube.ide.mcu.externaltools.gnu-tools-for-stm32.12.3.rel1.win32_1.0.100.202403111256/tools/bin/../lib/gcc/arm-none-eabi/12.3.1/thumb/v7e-m+fp/hard/crtbegin.o

.rodata         0x08003cf4       0x10
                0x08003cf4                        . = ALIGN (0x4)
 *(.rodata)
 *(.rodata*)
 .rodata.AHBPrescTable
                0x08003cf4       0x10 ./Core/Src/system_stm32g4xx.o
                0x08003cf4                AHBPrescTable
                0x08003d04                        . = ALIGN (0x4)

.ARM.extab      0x08003d04        0x0
                0x08003d04                        . = ALIGN (0x4)
 *(.ARM.extab* .gnu.linkonce.armextab.*)
                0x08003d04                        . = ALIGN (0x4)

.ARM            0x08003d04        0x0
                0x08003d04                        . = ALIGN (0x4)
                0x08003d04                        __exidx_start = .
 *(.ARM.exidx*)
                0x08003d04                        __exidx_end = .
                0x08003d04                        . = ALIGN (0x4)

.preinit_array  0x08003d04        0x0
                0x08003d04                        . = ALIGN (0x4)
                0x08003d04                        PROVIDE (__preinit_array_start = .)
 *(.preinit_array*)
                0x08003d04                        PROVIDE (__preinit_array_end = .)
                0x08003d04                        . = ALIGN (0x4)

.init_array     0x08003d04        0x4
                0x08003d04                        . = ALIGN (0x4)
                0x08003d04                        PROVIDE (__init_array_start = .)
 *(SORT_BY_NAME(.init_array.*))
 *(.init_array*)
 .init_array    0x08003d04        0x4 C:/ST/STM32CubeIDE_1.13.2/STM32CubeIDE/plugins/com.st.stm32cube.ide.mcu.externaltools.gnu-tools-for-stm32.12.3.rel1.win32_1.0.100.202403111256/tools/bin/../lib/gcc/arm-none-eabi/12.3.1/thumb/v7e-m+fp/hard/crtbegin.o
                0x08003d08                        PROVIDE (__init_array_end = .)
                0x08003d08                        . = ALIGN (0x4)

.fini_array     0x08003d08        0x4
                0x08003d08                        . = ALIGN (0x4)
                [!provide]                        PROVIDE (__fini_array_start = .)
 *(SORT_BY_NAME(.fini_array.*))
 *(.fini_array*)
 .fini_array    0x08003d08        0x4 C:/ST/STM32CubeIDE_1.13.2/STM32CubeIDE/plugins/com.st.stm32cube.ide.mcu.externaltools.gnu-tools-for-stm32.12.3.rel1.win32_1.0.100.202403111256/tools/bin/../lib/gcc/arm-none-eabi/12.3.1/thumb/v7e-m+fp/hard/crtbegin.o
                [!provide]                        PROVIDE (__fini_array_end = .)
                0x08003d0c                        . = ALIGN (0x4)
                0x08003d0c                        _sidata = LOADADDR (.data)

.rel.dyn        0x08003d0c        0x0
 .rel.iplt      0x08003d0c        0x0 C:/ST/STM32CubeIDE_1.13.2/STM32CubeIDE/plugins/com.st.stm32cube.ide.mcu.externaltools.gnu-tools-for-stm32.12.3.rel1.win32_1.0.100.202403111256/tools/bin/../lib/gcc/arm-none-eabi/12.3.1/thumb/v7e-m+fp/hard/crtbegin.o

.data           0x20000000       0x14 load address 0x08003d0c
                0x20000000                        . = ALIGN (0x4)
                0x20000000                        _sdata = .
 *(.data)
 *(.data*)
 .data.pwm_1_door
                0x20000000        0x2 ./Core/Src/main.o
                0x20000000                pwm_1_door
 .data.pwm_16_rake
                0x20000002        0x2 ./Core/Src/main.o
                0x20000002                pwm_16_rake
 .data.pwm_5_wheel_1
                0x20000004        0x2 ./Core/Src/main.o
                0x20000004                pwm_5_wheel_1
 .data.pwm_5_wheel_2
                0x20000006        0x2 ./Core/Src/main.o
                0x20000006                pwm_5_wheel_2
 .data.SystemCoreClock
                0x20000008        0x4 ./Core/Src/system_stm32g4xx.o
                0x20000008                SystemCoreClock
 .data.uwTickPrio
                0x2000000c        0x4 ./Drivers/STM32G4xx_HAL_Driver/Src/stm32g4xx_hal.o
                0x2000000c                uwTickPrio
 .data.uwTickFreq
                0x20000010        0x4 ./Drivers/STM32G4xx_HAL_Driver/Src/stm32g4xx_hal.o
                0x20000010                uwTickFreq
 *(.RamFunc)
 *(.RamFunc*)
                0x20000014                        . = ALIGN (0x4)
                0x20000014                        _edata = .

.igot.plt       0x20000014        0x0 load address 0x08003d20
 .igot.plt      0x20000014        0x0 C:/ST/STM32CubeIDE_1.13.2/STM32CubeIDE/plugins/com.st.stm32cube.ide.mcu.externaltools.gnu-tools-for-stm32.12.3.rel1.win32_1.0.100.202403111256/tools/bin/../lib/gcc/arm-none-eabi/12.3.1/thumb/v7e-m+fp/hard/crtbegin.o
                0x20000014                        . = ALIGN (0x4)

.bss            0x20000014      0x208 load address 0x08003d20
                0x20000014                        _sbss = .
                0x20000014                        __bss_start__ = _sbss
 *(.bss)
 .bss           0x20000014       0x1c C:/ST/STM32CubeIDE_1.13.2/STM32CubeIDE/plugins/com.st.stm32cube.ide.mcu.externaltools.gnu-tools-for-stm32.12.3.rel1.win32_1.0.100.202403111256/tools/bin/../lib/gcc/arm-none-eabi/12.3.1/thumb/v7e-m+fp/hard/crtbegin.o
 *(.bss*)
 .bss.htim1     0x20000030       0x4c ./Core/Src/main.o
                0x20000030                htim1
 .bss.htim2     0x2000007c       0x4c ./Core/Src/main.o
                0x2000007c                htim2
 .bss.htim3     0x200000c8       0x4c ./Core/Src/main.o
                0x200000c8                htim3
 .bss.htim4     0x20000114       0x4c ./Core/Src/main.o
                0x20000114                htim4
 .bss.htim5     0x20000160       0x4c ./Core/Src/main.o
                0x20000160                htim5
 .bss.htim16    0x200001ac       0x4c ./Core/Src/main.o
                0x200001ac                htim16
 .bss.state_door
                0x200001f8        0x2 ./Core/Src/main.o
                0x200001f8                state_door
 .bss.state_rake
                0x200001fa        0x2 ./Core/Src/main.o
                0x200001fa                state_rake
 .bss.state_wheel_1
                0x200001fc        0x2 ./Core/Src/main.o
                0x200001fc                state_wheel_1
 .bss.state_wheel_2
                0x200001fe        0x2 ./Core/Src/main.o
                0x200001fe                state_wheel_2
 .bss.order     0x20000200        0x2 ./Core/Src/main.o
                0x20000200                order
 *fill*         0x20000202        0x2 
 .bss.QEIReadRaw_1
                0x20000204        0x4 ./Core/Src/main.o
                0x20000204                QEIReadRaw_1
 .bss.QEIReadRaw_2
                0x20000208        0x4 ./Core/Src/main.o
                0x20000208                QEIReadRaw_2
 .bss.QEIReadRaw_3
                0x2000020c        0x4 ./Core/Src/main.o
                0x2000020c                QEIReadRaw_3
 .bss.QEIReadRaw_4
                0x20000210        0x4 ./Core/Src/main.o
                0x20000210                QEIReadRaw_4
 .bss.x         0x20000214        0x2 ./Core/Src/main.o
                0x20000214                x
 .bss.y         0x20000216        0x2 ./Core/Src/main.o
                0x20000216                y
 .bss.uwTick    0x20000218        0x4 ./Drivers/STM32G4xx_HAL_Driver/Src/stm32g4xx_hal.o
                0x20000218                uwTick
 *(COMMON)
                0x2000021c                        . = ALIGN (0x4)
                0x2000021c                        _ebss = .
                0x2000021c                        __bss_end__ = _ebss

._user_heap_stack
                0x2000021c      0x604 load address 0x08003d20
                0x20000220                        . = ALIGN (0x8)
 *fill*         0x2000021c        0x4 
                [!provide]                        PROVIDE (end = .)
                0x20000220                        PROVIDE (_end = .)
                0x20000420                        . = (. + _Min_Heap_Size)
 *fill*         0x20000220      0x200 
                0x20000820                        . = (. + _Min_Stack_Size)
 *fill*         0x20000420      0x400 
                0x20000820                        . = ALIGN (0x8)

/DISCARD/
 libc.a(*)
 libm.a(*)
 libgcc.a(*)

.ARM.attributes
                0x00000000       0x30
 *(.ARM.attributes)
 .ARM.attributes
                0x00000000       0x22 C:/ST/STM32CubeIDE_1.13.2/STM32CubeIDE/plugins/com.st.stm32cube.ide.mcu.externaltools.gnu-tools-for-stm32.12.3.rel1.win32_1.0.100.202403111256/tools/bin/../lib/gcc/arm-none-eabi/12.3.1/thumb/v7e-m+fp/hard/crti.o
 .ARM.attributes
                0x00000022       0x34 C:/ST/STM32CubeIDE_1.13.2/STM32CubeIDE/plugins/com.st.stm32cube.ide.mcu.externaltools.gnu-tools-for-stm32.12.3.rel1.win32_1.0.100.202403111256/tools/bin/../lib/gcc/arm-none-eabi/12.3.1/thumb/v7e-m+fp/hard/crtbegin.o
 .ARM.attributes
                0x00000056       0x34 ./Core/Src/main.o
 .ARM.attributes
                0x0000008a       0x34 ./Core/Src/stm32g4xx_hal_msp.o
 .ARM.attributes
                0x000000be       0x34 ./Core/Src/stm32g4xx_it.o
 .ARM.attributes
                0x000000f2       0x34 ./Core/Src/system_stm32g4xx.o
 .ARM.attributes
                0x00000126       0x21 ./Core/Startup/startup_stm32g474retx.o
 .ARM.attributes
                0x00000147       0x34 ./Drivers/STM32G4xx_HAL_Driver/Src/stm32g4xx_hal.o
 .ARM.attributes
                0x0000017b       0x34 ./Drivers/STM32G4xx_HAL_Driver/Src/stm32g4xx_hal_cortex.o
 .ARM.attributes
                0x000001af       0x34 ./Drivers/STM32G4xx_HAL_Driver/Src/stm32g4xx_hal_gpio.o
 .ARM.attributes
                0x000001e3       0x34 ./Drivers/STM32G4xx_HAL_Driver/Src/stm32g4xx_hal_pwr_ex.o
 .ARM.attributes
                0x00000217       0x34 ./Drivers/STM32G4xx_HAL_Driver/Src/stm32g4xx_hal_rcc.o
 .ARM.attributes
                0x0000024b       0x34 ./Drivers/STM32G4xx_HAL_Driver/Src/stm32g4xx_hal_tim.o
 .ARM.attributes
                0x0000027f       0x34 ./Drivers/STM32G4xx_HAL_Driver/Src/stm32g4xx_hal_tim_ex.o
 .ARM.attributes
                0x000002b3       0x34 C:/ST/STM32CubeIDE_1.13.2/STM32CubeIDE/plugins/com.st.stm32cube.ide.mcu.externaltools.gnu-tools-for-stm32.12.3.rel1.win32_1.0.100.202403111256/tools/bin/../lib/gcc/arm-none-eabi/12.3.1/../../../../arm-none-eabi/lib/thumb/v7e-m+fp/hard\libc_nano.a(libc_a-memset.o)
 .ARM.attributes
                0x000002e7       0x34 C:/ST/STM32CubeIDE_1.13.2/STM32CubeIDE/plugins/com.st.stm32cube.ide.mcu.externaltools.gnu-tools-for-stm32.12.3.rel1.win32_1.0.100.202403111256/tools/bin/../lib/gcc/arm-none-eabi/12.3.1/../../../../arm-none-eabi/lib/thumb/v7e-m+fp/hard\libc_nano.a(libc_a-init.o)
 .ARM.attributes
                0x0000031b       0x22 C:/ST/STM32CubeIDE_1.13.2/STM32CubeIDE/plugins/com.st.stm32cube.ide.mcu.externaltools.gnu-tools-for-stm32.12.3.rel1.win32_1.0.100.202403111256/tools/bin/../lib/gcc/arm-none-eabi/12.3.1/thumb/v7e-m+fp/hard/crtn.o
OUTPUT(test_unit.elf elf32-littlearm)
LOAD linker stubs
LOAD C:/ST/STM32CubeIDE_1.13.2/STM32CubeIDE/plugins/com.st.stm32cube.ide.mcu.externaltools.gnu-tools-for-stm32.12.3.rel1.win32_1.0.100.202403111256/tools/bin/../lib/gcc/arm-none-eabi/12.3.1/../../../../arm-none-eabi/lib/thumb/v7e-m+fp/hard\libc.a
LOAD C:/ST/STM32CubeIDE_1.13.2/STM32CubeIDE/plugins/com.st.stm32cube.ide.mcu.externaltools.gnu-tools-for-stm32.12.3.rel1.win32_1.0.100.202403111256/tools/bin/../lib/gcc/arm-none-eabi/12.3.1/../../../../arm-none-eabi/lib/thumb/v7e-m+fp/hard\libm.a
LOAD C:/ST/STM32CubeIDE_1.13.2/STM32CubeIDE/plugins/com.st.stm32cube.ide.mcu.externaltools.gnu-tools-for-stm32.12.3.rel1.win32_1.0.100.202403111256/tools/bin/../lib/gcc/arm-none-eabi/12.3.1/thumb/v7e-m+fp/hard\libgcc.a

.debug_info     0x00000000     0xb6e8
 .debug_info    0x00000000     0x180b ./Core/Src/main.o
 .debug_info    0x0000180b     0x10c1 ./Core/Src/stm32g4xx_hal_msp.o
 .debug_info    0x000028cc      0x8b3 ./Core/Src/stm32g4xx_it.o
 .debug_info    0x0000317f      0x58e ./Core/Src/system_stm32g4xx.o
 .debug_info    0x0000370d       0x30 ./Core/Startup/startup_stm32g474retx.o
 .debug_info    0x0000373d      0xb95 ./Drivers/STM32G4xx_HAL_Driver/Src/stm32g4xx_hal.o
 .debug_info    0x000042d2      0xdad ./Drivers/STM32G4xx_HAL_Driver/Src/stm32g4xx_hal_cortex.o
 .debug_info    0x0000507f      0x763 ./Drivers/STM32G4xx_HAL_Driver/Src/stm32g4xx_hal_gpio.o
 .debug_info    0x000057e2      0x93f ./Drivers/STM32G4xx_HAL_Driver/Src/stm32g4xx_hal_pwr_ex.o
 .debug_info    0x00006121      0xbe0 ./Drivers/STM32G4xx_HAL_Driver/Src/stm32g4xx_hal_rcc.o
 .debug_info    0x00006d01     0x2c52 ./Drivers/STM32G4xx_HAL_Driver/Src/stm32g4xx_hal_tim.o
 .debug_info    0x00009953     0x1d95 ./Drivers/STM32G4xx_HAL_Driver/Src/stm32g4xx_hal_tim_ex.o

.debug_abbrev   0x00000000     0x199b
 .debug_abbrev  0x00000000      0x2a3 ./Core/Src/main.o
 .debug_abbrev  0x000002a3      0x23f ./Core/Src/stm32g4xx_hal_msp.o
 .debug_abbrev  0x000004e2      0x1c2 ./Core/Src/stm32g4xx_it.o
 .debug_abbrev  0x000006a4      0x11a ./Core/Src/system_stm32g4xx.o
 .debug_abbrev  0x000007be       0x24 ./Core/Startup/startup_stm32g474retx.o
 .debug_abbrev  0x000007e2      0x271 ./Drivers/STM32G4xx_HAL_Driver/Src/stm32g4xx_hal.o
 .debug_abbrev  0x00000a53      0x31c ./Drivers/STM32G4xx_HAL_Driver/Src/stm32g4xx_hal_cortex.o
 .debug_abbrev  0x00000d6f      0x1cb ./Drivers/STM32G4xx_HAL_Driver/Src/stm32g4xx_hal_gpio.o
 .debug_abbrev  0x00000f3a      0x22c ./Drivers/STM32G4xx_HAL_Driver/Src/stm32g4xx_hal_pwr_ex.o
 .debug_abbrev  0x00001166      0x2c9 ./Drivers/STM32G4xx_HAL_Driver/Src/stm32g4xx_hal_rcc.o
 .debug_abbrev  0x0000142f      0x2a7 ./Drivers/STM32G4xx_HAL_Driver/Src/stm32g4xx_hal_tim.o
 .debug_abbrev  0x000016d6      0x2c5 ./Drivers/STM32G4xx_HAL_Driver/Src/stm32g4xx_hal_tim_ex.o

.debug_aranges  0x00000000      0xc20
 .debug_aranges
                0x00000000       0x68 ./Core/Src/main.o
 .debug_aranges
                0x00000068       0x48 ./Core/Src/stm32g4xx_hal_msp.o
 .debug_aranges
                0x000000b0       0x70 ./Core/Src/stm32g4xx_it.o
 .debug_aranges
                0x00000120       0x28 ./Core/Src/system_stm32g4xx.o
 .debug_aranges
                0x00000148       0x28 ./Core/Startup/startup_stm32g474retx.o
 .debug_aranges
                0x00000170      0x148 ./Drivers/STM32G4xx_HAL_Driver/Src/stm32g4xx_hal.o
 .debug_aranges
                0x000002b8      0x118 ./Drivers/STM32G4xx_HAL_Driver/Src/stm32g4xx_hal_cortex.o
 .debug_aranges
                0x000003d0       0x58 ./Drivers/STM32G4xx_HAL_Driver/Src/stm32g4xx_hal_gpio.o
 .debug_aranges
                0x00000428      0x140 ./Drivers/STM32G4xx_HAL_Driver/Src/stm32g4xx_hal_pwr_ex.o
 .debug_aranges
                0x00000568       0x98 ./Drivers/STM32G4xx_HAL_Driver/Src/stm32g4xx_hal_rcc.o
 .debug_aranges
                0x00000600      0x3e0 ./Drivers/STM32G4xx_HAL_Driver/Src/stm32g4xx_hal_tim.o
 .debug_aranges
                0x000009e0      0x240 ./Drivers/STM32G4xx_HAL_Driver/Src/stm32g4xx_hal_tim_ex.o

.debug_rnglists
                0x00000000      0x960
 .debug_rnglists
                0x00000000       0x52 ./Core/Src/main.o
 .debug_rnglists
                0x00000052       0x35 ./Core/Src/stm32g4xx_hal_msp.o
 .debug_rnglists
                0x00000087       0x4f ./Core/Src/stm32g4xx_it.o
 .debug_rnglists
                0x000000d6       0x1a ./Core/Src/system_stm32g4xx.o
 .debug_rnglists
                0x000000f0       0x19 ./Core/Startup/startup_stm32g474retx.o
 .debug_rnglists
                0x00000109       0xf1 ./Drivers/STM32G4xx_HAL_Driver/Src/stm32g4xx_hal.o
 .debug_rnglists
                0x000001fa       0xce ./Drivers/STM32G4xx_HAL_Driver/Src/stm32g4xx_hal_cortex.o
 .debug_rnglists
                0x000002c8       0x3f ./Drivers/STM32G4xx_HAL_Driver/Src/stm32g4xx_hal_gpio.o
 .debug_rnglists
                0x00000307       0xf1 ./Drivers/STM32G4xx_HAL_Driver/Src/stm32g4xx_hal_pwr_ex.o
 .debug_rnglists
                0x000003f8       0x74 ./Drivers/STM32G4xx_HAL_Driver/Src/stm32g4xx_hal_rcc.o
 .debug_rnglists
                0x0000046c      0x328 ./Drivers/STM32G4xx_HAL_Driver/Src/stm32g4xx_hal_tim.o
 .debug_rnglists
                0x00000794      0x1cc ./Drivers/STM32G4xx_HAL_Driver/Src/stm32g4xx_hal_tim_ex.o

.debug_macro    0x00000000    0x248ae
 .debug_macro   0x00000000      0x1d7 ./Core/Src/main.o
 .debug_macro   0x000001d7      0xab4 ./Core/Src/main.o
 .debug_macro   0x00000c8b      0x155 ./Core/Src/main.o
 .debug_macro   0x00000de0       0x2e ./Core/Src/main.o
 .debug_macro   0x00000e0e       0x28 ./Core/Src/main.o
 .debug_macro   0x00000e36       0x22 ./Core/Src/main.o
 .debug_macro   0x00000e58       0x8e ./Core/Src/main.o
 .debug_macro   0x00000ee6       0x51 ./Core/Src/main.o
 .debug_macro   0x00000f37      0x103 ./Core/Src/main.o
 .debug_macro   0x0000103a       0x6a ./Core/Src/main.o
 .debug_macro   0x000010a4      0x1df ./Core/Src/main.o
 .debug_macro   0x00001283       0x1c ./Core/Src/main.o
 .debug_macro   0x0000129f       0x22 ./Core/Src/main.o
 .debug_macro   0x000012c1       0xfb ./Core/Src/main.o
 .debug_macro   0x000013bc     0x1011 ./Core/Src/main.o
 .debug_macro   0x000023cd      0x11f ./Core/Src/main.o
 .debug_macro   0x000024ec    0x18b45 ./Core/Src/main.o
 .debug_macro   0x0001b031       0x6d ./Core/Src/main.o
 .debug_macro   0x0001b09e     0x354d ./Core/Src/main.o
 .debug_macro   0x0001e5eb      0x189 ./Core/Src/main.o
 .debug_macro   0x0001e774       0x5c ./Core/Src/main.o
 .debug_macro   0x0001e7d0     0x171f ./Core/Src/main.o
 .debug_macro   0x0001feef      0x600 ./Core/Src/main.o
 .debug_macro   0x000204ef      0x1b6 ./Core/Src/main.o
 .debug_macro   0x000206a5      0x34a ./Core/Src/main.o
 .debug_macro   0x000209ef      0x53c ./Core/Src/main.o
 .debug_macro   0x00020f2b      0x18b ./Core/Src/main.o
 .debug_macro   0x000210b6       0x43 ./Core/Src/main.o
 .debug_macro   0x000210f9      0x23d ./Core/Src/main.o
 .debug_macro   0x00021336      0x211 ./Core/Src/main.o
 .debug_macro   0x00021547      0x45c ./Core/Src/main.o
 .debug_macro   0x000219a3      0x11c ./Core/Src/main.o
 .debug_macro   0x00021abf      0x122 ./Core/Src/main.o
 .debug_macro   0x00021be1      0x3d1 ./Core/Src/main.o
 .debug_macro   0x00021fb2      0xc0b ./Core/Src/main.o
 .debug_macro   0x00022bbd      0x718 ./Core/Src/main.o
 .debug_macro   0x000232d5      0x358 ./Core/Src/main.o
 .debug_macro   0x0002362d       0x46 ./Core/Src/main.o
 .debug_macro   0x00023673      0x1c9 ./Core/Src/stm32g4xx_hal_msp.o
 .debug_macro   0x0002383c      0x1d3 ./Core/Src/stm32g4xx_it.o
 .debug_macro   0x00023a0f      0x1ba ./Core/Src/system_stm32g4xx.o
 .debug_macro   0x00023bc9      0x208 ./Drivers/STM32G4xx_HAL_Driver/Src/stm32g4xx_hal.o
 .debug_macro   0x00023dd1      0x1ba ./Drivers/STM32G4xx_HAL_Driver/Src/stm32g4xx_hal_cortex.o
 .debug_macro   0x00023f8b      0x1c1 ./Drivers/STM32G4xx_HAL_Driver/Src/stm32g4xx_hal_gpio.o
 .debug_macro   0x0002414c      0x1e4 ./Drivers/STM32G4xx_HAL_Driver/Src/stm32g4xx_hal_pwr_ex.o
 .debug_macro   0x00024330      0x1fc ./Drivers/STM32G4xx_HAL_Driver/Src/stm32g4xx_hal_rcc.o
 .debug_macro   0x0002452c      0x1c2 ./Drivers/STM32G4xx_HAL_Driver/Src/stm32g4xx_hal_tim.o
 .debug_macro   0x000246ee      0x1c0 ./Drivers/STM32G4xx_HAL_Driver/Src/stm32g4xx_hal_tim_ex.o

.debug_line     0x00000000     0xc5cf
 .debug_line    0x00000000      0xb9e ./Core/Src/main.o
 .debug_line    0x00000b9e      0x8d2 ./Core/Src/stm32g4xx_hal_msp.o
 .debug_line    0x00001470      0x829 ./Core/Src/stm32g4xx_it.o
 .debug_line    0x00001c99      0x7a3 ./Core/Src/system_stm32g4xx.o
 .debug_line    0x0000243c       0x7b ./Core/Startup/startup_stm32g474retx.o
 .debug_line    0x000024b7      0xb5f ./Drivers/STM32G4xx_HAL_Driver/Src/stm32g4xx_hal.o
 .debug_line    0x00003016      0xcc8 ./Drivers/STM32G4xx_HAL_Driver/Src/stm32g4xx_hal_cortex.o
 .debug_line    0x00003cde      0xb78 ./Drivers/STM32G4xx_HAL_Driver/Src/stm32g4xx_hal_gpio.o
 .debug_line    0x00004856      0xcce ./Drivers/STM32G4xx_HAL_Driver/Src/stm32g4xx_hal_pwr_ex.o
 .debug_line    0x00005524      0xf2a ./Drivers/STM32G4xx_HAL_Driver/Src/stm32g4xx_hal_rcc.o
 .debug_line    0x0000644e     0x401f ./Drivers/STM32G4xx_HAL_Driver/Src/stm32g4xx_hal_tim.o
 .debug_line    0x0000a46d     0x2162 ./Drivers/STM32G4xx_HAL_Driver/Src/stm32g4xx_hal_tim_ex.o

.debug_str      0x00000000    0xf12ad
 .debug_str     0x00000000    0xee5fb ./Core/Src/main.o
                              0xee981 (size before relaxing)
 .debug_str     0x000ee5fb       0xf5 ./Core/Src/stm32g4xx_hal_msp.o
                              0xee360 (size before relaxing)
 .debug_str     0x000ee6f0      0x11a ./Core/Src/stm32g4xx_it.o
                              0xedb50 (size before relaxing)
 .debug_str     0x000ee80a       0xdb ./Core/Src/system_stm32g4xx.o
                              0xed54f (size before relaxing)
 .debug_str     0x000ee8e5       0x44 ./Core/Startup/startup_stm32g474retx.o
                                 0x70 (size before relaxing)
 .debug_str     0x000ee929      0x5ed ./Drivers/STM32G4xx_HAL_Driver/Src/stm32g4xx_hal.o
                              0xee261 (size before relaxing)
 .debug_str     0x000eef16      0x322 ./Drivers/STM32G4xx_HAL_Driver/Src/stm32g4xx_hal_cortex.o
                              0xedee5 (size before relaxing)
 .debug_str     0x000ef238       0xfe ./Drivers/STM32G4xx_HAL_Driver/Src/stm32g4xx_hal_gpio.o
                              0xed6da (size before relaxing)
 .debug_str     0x000ef336      0x4a5 ./Drivers/STM32G4xx_HAL_Driver/Src/stm32g4xx_hal_pwr_ex.o
                              0xeda3d (size before relaxing)
 .debug_str     0x000ef7db      0x506 ./Drivers/STM32G4xx_HAL_Driver/Src/stm32g4xx_hal_rcc.o
                              0xedc6e (size before relaxing)
 .debug_str     0x000efce1      0xdaf ./Drivers/STM32G4xx_HAL_Driver/Src/stm32g4xx_hal_tim.o
                              0xeea4d (size before relaxing)
 .debug_str     0x000f0a90      0x81d ./Drivers/STM32G4xx_HAL_Driver/Src/stm32g4xx_hal_tim_ex.o
                              0xee6c1 (size before relaxing)

.comment        0x00000000       0x43
 .comment       0x00000000       0x43 ./Core/Src/main.o
                                 0x44 (size before relaxing)
 .comment       0x00000043       0x44 ./Core/Src/stm32g4xx_hal_msp.o
 .comment       0x00000043       0x44 ./Core/Src/stm32g4xx_it.o
 .comment       0x00000043       0x44 ./Core/Src/system_stm32g4xx.o
 .comment       0x00000043       0x44 ./Drivers/STM32G4xx_HAL_Driver/Src/stm32g4xx_hal.o
 .comment       0x00000043       0x44 ./Drivers/STM32G4xx_HAL_Driver/Src/stm32g4xx_hal_cortex.o
 .comment       0x00000043       0x44 ./Drivers/STM32G4xx_HAL_Driver/Src/stm32g4xx_hal_gpio.o
 .comment       0x00000043       0x44 ./Drivers/STM32G4xx_HAL_Driver/Src/stm32g4xx_hal_pwr_ex.o
 .comment       0x00000043       0x44 ./Drivers/STM32G4xx_HAL_Driver/Src/stm32g4xx_hal_rcc.o
 .comment       0x00000043       0x44 ./Drivers/STM32G4xx_HAL_Driver/Src/stm32g4xx_hal_tim.o
 .comment       0x00000043       0x44 ./Drivers/STM32G4xx_HAL_Driver/Src/stm32g4xx_hal_tim_ex.o

.debug_frame    0x00000000     0x32d8
 .debug_frame   0x00000000      0x164 ./Core/Src/main.o
 .debug_frame   0x00000164       0xe8 ./Core/Src/stm32g4xx_hal_msp.o
 .debug_frame   0x0000024c      0x13c ./Core/Src/stm32g4xx_it.o
 .debug_frame   0x00000388       0x58 ./Core/Src/system_stm32g4xx.o
 .debug_frame   0x000003e0      0x500 ./Drivers/STM32G4xx_HAL_Driver/Src/stm32g4xx_hal.o
 .debug_frame   0x000008e0      0x498 ./Drivers/STM32G4xx_HAL_Driver/Src/stm32g4xx_hal_cortex.o
 .debug_frame   0x00000d78      0x14c ./Drivers/STM32G4xx_HAL_Driver/Src/stm32g4xx_hal_gpio.o
 .debug_frame   0x00000ec4      0x4fc ./Drivers/STM32G4xx_HAL_Driver/Src/stm32g4xx_hal_pwr_ex.o
 .debug_frame   0x000013c0      0x23c ./Drivers/STM32G4xx_HAL_Driver/Src/stm32g4xx_hal_rcc.o
 .debug_frame   0x000015fc     0x1220 ./Drivers/STM32G4xx_HAL_Driver/Src/stm32g4xx_hal_tim.o
 .debug_frame   0x0000281c      0xa70 ./Drivers/STM32G4xx_HAL_Driver/Src/stm32g4xx_hal_tim_ex.o
 .debug_frame   0x0000328c       0x20 C:/ST/STM32CubeIDE_1.13.2/STM32CubeIDE/plugins/com.st.stm32cube.ide.mcu.externaltools.gnu-tools-for-stm32.12.3.rel1.win32_1.0.100.202403111256/tools/bin/../lib/gcc/arm-none-eabi/12.3.1/../../../../arm-none-eabi/lib/thumb/v7e-m+fp/hard\libc_nano.a(libc_a-memset.o)
 .debug_frame   0x000032ac       0x2c C:/ST/STM32CubeIDE_1.13.2/STM32CubeIDE/plugins/com.st.stm32cube.ide.mcu.externaltools.gnu-tools-for-stm32.12.3.rel1.win32_1.0.100.202403111256/tools/bin/../lib/gcc/arm-none-eabi/12.3.1/../../../../arm-none-eabi/lib/thumb/v7e-m+fp/hard\libc_nano.a(libc_a-init.o)

.debug_line_str
                0x00000000       0x54
 .debug_line_str
                0x00000000       0x54 ./Core/Startup/startup_stm32g474retx.o
